   Compiling activity-monitor-server v0.1.0 (C:\dev\Monitor_nuevo\ActivityMonitor-Enterprise-v3\server)
warning: unused import: `self`
 --> server\src\api.rs:7:18
  |
7 |     middleware::{self, Next},
  |                  ^^^^
  |
  = note: `#[warn(unused_imports)]` (part of `#[warn(unused)]`) on by default

error[E0716]: temporary value dropped while borrowed
   --> server\src\rabbitmq_consumer.rs:213:67
    |
213 |         let inventory = event["inventory"].as_object().unwrap_or(&Default::default());
    |                                                                   ^^^^^^^^^^^^^^^^^^ - temporary value is freed at the end of this statement
    |                                                                   |
    |                                                                   creates a temporary value which is freed while still in use
...
223 |         for (app_name, details) in inventory {
    |                                    --------- borrow later used here
    |
    = note: consider using a `let` binding to create a longer lived value

warning: unused variable: `payload`
  --> server\src\api.rs:88:10
   |
88 |     Json(payload): Json<serde_json::Value>,
   |          ^^^^^^^ help: if this is intentional, prefix it with an underscore: `_payload`
   |
   = note: `#[warn(unused_variables)]` (part of `#[warn(unused)]`) on by default

warning: unused variable: `password`
   --> server\src\api.rs:107:34
    |
107 |     if let (Some(username), Some(password)) = (username, password) {
    |                                  ^^^^^^^^ help: if this is intentional, prefix it with an underscore: `_password`

warning: unused variable: `payload`
   --> server\src\api.rs:128:10
    |
128 |     Json(payload): Json<serde_json::Value>,
    |          ^^^^^^^ help: if this is intentional, prefix it with an underscore: `_payload`

warning: unused variable: `state`
   --> server\src\api.rs:215:11
    |
215 |     State(state): State<Arc<AppState>>,
    |           ^^^^^ help: if this is intentional, prefix it with an underscore: `_state`

warning: unused variable: `payload`
   --> server\src\api.rs:302:10
    |
302 |     Json(payload): Json<serde_json::Value>,
    |          ^^^^^^^ help: if this is intentional, prefix it with an underscore: `_payload`

warning: unused variable: `payload`
   --> server\src\api.rs:390:10
    |
390 |     Json(payload): Json<serde_json::Value>,
    |          ^^^^^^^ help: if this is intentional, prefix it with an underscore: `_payload`

warning: unused variable: `payload`
   --> server\src\api.rs:405:10
    |
405 |     Json(payload): Json<serde_json::Value>,
    |          ^^^^^^^ help: if this is intentional, prefix it with an underscore: `_payload`

warning: unused variable: `device_id`
 --> server\src\db.rs:6:28
  |
6 | pub async fn create_device(device_id: &str, hostname: &str) {
  |                            ^^^^^^^^^ help: if this is intentional, prefix it with an underscore: `_device_id`

warning: unused variable: `hostname`
 --> server\src\db.rs:6:45
  |
6 | pub async fn create_device(device_id: &str, hostname: &str) {
  |                                             ^^^^^^^^ help: if this is intentional, prefix it with an underscore: `_hostname`

warning: unused variable: `device_id`
  --> server\src\db.rs:10:34
   |
10 | pub async fn insert_activity_log(device_id: &str, app_name: &str, window_title: &str, duration: i64) {
   |                                  ^^^^^^^^^ help: if this is intentional, prefix it with an underscore: `_device_id`

warning: unused variable: `app_name`
  --> server\src\db.rs:10:51
   |
10 | pub async fn insert_activity_log(device_id: &str, app_name: &str, window_title: &str, duration: i64) {
   |                                                   ^^^^^^^^ help: if this is intentional, prefix it with an underscore: `_app_name`

warning: unused variable: `window_title`
  --> server\src\db.rs:10:67
   |
10 | pub async fn insert_activity_log(device_id: &str, app_name: &str, window_title: &str, duration: i64) {
   |                                                                   ^^^^^^^^^^^^ help: if this is intentional, prefix it with an underscore: `_window_title`

warning: unused variable: `duration`
  --> server\src\db.rs:10:87
   |
10 | pub async fn insert_activity_log(device_id: &str, app_name: &str, window_title: &str, duration: i64) {
   |                                                                                       ^^^^^^^^ help: if this is intentional, prefix it with an underscore: `_duration`

warning: unused variable: `device_id`
  --> server\src\db.rs:14:30
   |
14 | pub async fn get_device_logs(device_id: &str) {
   |                              ^^^^^^^^^ help: if this is intentional, prefix it with an underscore: `_device_id`

For more information about this error, try `rustc --explain E0716`.
warning: `activity-monitor-server` (bin "activity-monitor-server") generated 15 warnings
error: could not compile `activity-monitor-server` (bin "activity-monitor-server") due to 1 previous error; 15 warnings emitted
